// Jest Snapshot v1, https://goo.gl/fbAQLP

exports[`App Рендеринг 1`] = `
<div
  className="app"
>
  <Post
    text="С чем-то"
    title="Что-то"
  />
</div>
`;
